// Jest Snapshot v1, https://goo.gl/fbAQLP

exports[`测试todoItem和doneItem 匹配snapshot 1`] = `ShallowWrapper {}`;
